  Geri y├╝klenecek projeler belirleniyor...
C:\Users\kursa\source\repos\M─░niERP2_form_siifirdan\MiniERP.WinForms\MiniERP.WinForms.csproj : warning NU1902: 'System.IdentityModel.Tokens.Jwt' 7.0.3 paketinde ├Ânem derecesi orta olan bilinen bir https://github.com/advisories/GHSA-59j7-ghrg-fj52 g├╝venlik a├ğ─▒─ş─▒ var [C:\Users\kursa\source\repos\M─░niERP2_form_siifirdan\MiniERPTrial.sln]
  Geri y├╝kleme i├ğin t├╝m projeler g├╝ncel.
C:\Users\kursa\source\repos\M─░niERP2_form_siifirdan\MiniERP.WinForms\MiniERP.WinForms.csproj : warning NU1902: 'System.IdentityModel.Tokens.Jwt' 7.0.3 paketinde ├Ânem derecesi orta olan bilinen bir https://github.com/advisories/GHSA-59j7-ghrg-fj52 g├╝venlik a├ğ─▒─ş─▒ var
  MiniERP.Web -> C:\Users\kursa\source\repos\M─░niERP2_form_siifirdan\MiniERP.Web\bin\Debug\net9.0\MiniERP.Web.dll
  MiniERP.WinForms -> C:\Users\kursa\source\repos\M─░niERP2_form_siifirdan\MiniERP.WinForms\bin\Debug\net8.0-windows\MiniERP.WinForms.dll
  MiniERP.API -> C:\Users\kursa\source\repos\M─░niERP2_form_siifirdan\MiniERP.API\bin\Debug\net8.0\MiniERP.API.dll

Olu┼şturma ba┼şar─▒l─▒ oldu.

C:\Users\kursa\source\repos\M─░niERP2_form_siifirdan\MiniERP.WinForms\MiniERP.WinForms.csproj : warning NU1902: 'System.IdentityModel.Tokens.Jwt' 7.0.3 paketinde ├Ânem derecesi orta olan bilinen bir https://github.com/advisories/GHSA-59j7-ghrg-fj52 g├╝venlik a├ğ─▒─ş─▒ var [C:\Users\kursa\source\repos\M─░niERP2_form_siifirdan\MiniERPTrial.sln]
C:\Users\kursa\source\repos\M─░niERP2_form_siifirdan\MiniERP.WinForms\MiniERP.WinForms.csproj : warning NU1902: 'System.IdentityModel.Tokens.Jwt' 7.0.3 paketinde ├Ânem derecesi orta olan bilinen bir https://github.com/advisories/GHSA-59j7-ghrg-fj52 g├╝venlik a├ğ─▒─ş─▒ var
    2 Uyar─▒
    0 Hata

Ge├ğen S├╝re 00:00:01.97
